
> build:all
> npm run build --workspace=hub --workspace=image-convert --workspace=excel-mapping --workspace=editor-studio --workspace=auto-bi --workspace=accounting-reconcile --if-present


> hub@1.0.0 build
> vite build

vite v7.3.6 building client environment for production...
transforming...
✓ 2767 modules transformed.
rendering chunks...
computing gzip size...
dist/index.html                                             1.41 kB │ gzip:     0.78 kB
dist/assets/ort.bundle.min-OfoG_cy9.mjs                   399.90 kB
dist/assets/ort.webgpu.bundle.min-CEayb2S6.mjs            399.92 kB
dist/assets/pdf.worker.min-CHFwMXne.mjs                 1,262.40 kB
dist/assets/ort-wasm-simd-threaded.jsep-D5Jk56-t.wasm  23,914.39 kB │ gzip: 5,662.56 kB
dist/assets/index-WnyZHH4V.css                            119.56 kB │ gzip:    18.47 kB
dist/assets/check-CesJ4nMQ.js                               0.12 kB │ gzip:     0.14 kB
dist/assets/square-9gU4kEsG.js                              0.15 kB │ gzip:     0.15 kB
dist/assets/circle-check-Dbu-54DU.js                        0.17 kB │ gzip:     0.16 kB
dist/assets/check-check-eHhPQuym.js                         0.18 kB │ gzip:     0.17 kB
dist/assets/type-wKlwffLj.js                                0.22 kB │ gzip:     0.18 kB
dist/assets/upload-QmplJUO9.js                              0.23 kB │ gzip:     0.19 kB
dist/assets/download-C6mliF01.js                            0.23 kB │ gzip:     0.19 kB
dist/assets/maximize-2-CHfLdtwX.js                          0.24 kB │ gzip:     0.19 kB
dist/assets/circle-alert-DopQV2vm.js                        0.25 kB │ gzip:     0.19 kB
dist/assets/cloud-upload-wNqSsqlC.js                        0.25 kB │ gzip:     0.21 kB
dist/assets/archive-DIN7UGb8.js                             0.25 kB │ gzip:     0.21 kB
dist/assets/clipboard-C8YCi1aE.js                           0.26 kB │ gzip:     0.21 kB
dist/assets/triangle-alert-CyjASBb4.js                      0.27 kB │ gzip:     0.21 kB
dist/assets/coins-tFKoRfqI.js                               0.28 kB │ gzip:     0.22 kB
dist/assets/crop-CvJDZ3XC.js                                0.30 kB │ gzip:     0.23 kB
dist/assets/file-check-BhQCl4mg.js                          0.32 kB │ gzip:     0.24 kB
dist/assets/save-Cza1jWKR.js                                0.33 kB │ gzip:     0.23 kB
dist/assets/trash-2-DTydUEzP.js                             0.33 kB │ gzip:     0.21 kB
dist/assets/presentation-BMrrTbvN.js                        0.38 kB │ gzip:     0.26 kB
dist/assets/layers-CfSYiQAW.js                              0.42 kB │ gzip:     0.24 kB
dist/assets/sliders-vertical-DFWCYgON.js                    0.42 kB │ gzip:     0.24 kB
dist/assets/palette-DKkP1VU8.js                             0.51 kB │ gzip:     0.27 kB
dist/assets/trending-down-CxnTd1x_.js                       0.56 kB │ gzip:     0.30 kB
dist/assets/zoom-out-DBCx6CrH.js                            0.66 kB │ gzip:     0.32 kB
dist/assets/MiniAppLayout-BBoyB77b.js                       1.48 kB │ gzip:     0.68 kB
dist/assets/pdfHelper-bg3TnVwo.js                           1.58 kB │ gzip:     0.90 kB
dist/assets/documentFiles-CWq6YVyM.js                       2.45 kB │ gzip:     1.06 kB
dist/assets/pptxPdfConverter-MCs95G33.js                    2.61 kB │ gzip:     1.42 kB
dist/assets/imagePdfConverter-Bqs1-aAd.js                   2.95 kB │ gzip:     1.43 kB
dist/assets/FileSaver.min-BuA80HI3.js                       3.03 kB │ gzip:     1.48 kB
dist/assets/xlsxPdfConverter-DqPKVU9S.js                    4.36 kB │ gzip:     2.09 kB
dist/assets/PdfToolkitTool-Bz6NiFvn.js                      4.57 kB │ gzip:     1.99 kB
dist/assets/excelReport-_OjfCFc3.js                         5.70 kB │ gzip:     2.65 kB
dist/assets/docxPdfConverter-Dar_q-cJ.js                    6.80 kB │ gzip:     2.88 kB
dist/assets/PdfSplitterView-BiHHV1F-.js                    10.02 kB │ gzip:     4.20 kB
dist/assets/PdfMergerView-DhXE288R.js                      10.55 kB │ gzip:     4.29 kB
dist/assets/AutoBiTool-Bn7v53oZ.js                         10.67 kB │ gzip:     3.87 kB
dist/assets/confetti.module-oQXWb4Lk.js                    10.67 kB │ gzip:     4.28 kB
dist/assets/ImageConvertTool-Dv7UHMqH.js                   16.91 kB │ gzip:     6.15 kB
dist/assets/AccountingReconcileTool-BQdnaYH7.js            27.41 kB │ gzip:     8.85 kB
dist/assets/PdfCompressorView-DtVA6r6Y.js                  28.81 kB │ gzip:     9.36 kB
dist/assets/purify.es-Cz4mVeUR.js                          28.98 kB │ gzip:    10.87 kB
dist/assets/ExcelMappingTool-BT5qi7AT.js                   33.49 kB │ gzip:    12.66 kB
dist/assets/OmniConvertTool-BD7woi2c.js                    37.16 kB │ gzip:    10.75 kB
dist/assets/ScreenCaptureTool-XhHJ1Ovs.js                  37.41 kB │ gzip:    11.46 kB
dist/assets/BarcodeQrTool-CD7uMPW1.js                      46.46 kB │ gzip:    13.76 kB
dist/assets/vendor-qrcode-s9z0K1Xm.js                      48.75 kB │ gzip:    15.04 kB
dist/assets/EditorStudioTool-DZ-gmzBA.js                   52.07 kB │ gzip:    15.98 kB
dist/assets/vendor-jsbarcode-DsQKlPzU.js                   68.09 kB │ gzip:    14.60 kB
dist/assets/WatermarkStudioTool-vKVLxSYu.js                75.35 kB │ gzip:    18.68 kB
dist/assets/vendor-imgly-b-aQHa83.js                       81.10 kB │ gzip:    21.96 kB
dist/assets/InvoiceTool-prs2e1-m.js                       103.07 kB │ gzip:    33.35 kB
dist/assets/IdPhotoStudioTool-WNjiZFSl.js                 127.75 kB │ gzip:    38.91 kB
dist/assets/vendor-mediapipe-Bk4VIwNi.js                  135.99 kB │ gzip:    40.62 kB
dist/assets/index.es-DdYPa6US.js                          158.96 kB │ gzip:    53.06 kB
dist/assets/vendor-docx-preview-DSv70vTE.js               173.32 kB │ gzip:    51.04 kB
dist/assets/vendor-html2canvas-DXEQVQnt.js                201.04 kB │ gzip:    47.43 kB
dist/assets/index-B3p-8cxs.js                             254.51 kB │ gzip:    81.32 kB
dist/assets/vendor-docx-D9odfe3g.js                       356.25 kB │ gzip:   102.77 kB
dist/assets/vendor-jspdf-By3HCS8V.js                      387.25 kB │ gzip:   126.95 kB
dist/assets/vendor-mammoth-tHTfUfqV.js                    405.29 kB │ gzip:   102.03 kB
dist/assets/vendor-pdf-lib-DxITA7hO.js                    437.87 kB │ gzip:   181.22 kB
dist/assets/vendor-xlsx-CKwrMZHi.js                       499.55 kB │ gzip:   162.96 kB
dist/assets/ort.bundle.min-CE5gDW6G.js                    791.78 kB │ gzip:   215.97 kB
dist/assets/vendor-pdfjs-Dnn5mzqF.js                      868.64 kB │ gzip:   257.66 kB
dist/assets/vendor-exceljs-b-70ONtK.js                    936.82 kB │ gzip:   270.66 kB
✓ built in 10.78s

> image-convert@1.0.0 build
> vite build

vite v7.3.6 building client environment for production...
transforming...
✓ 1745 modules transformed.
Circular chunk: vendor -> vendor-react -> vendor. Please adjust the manual chunk logic for these chunks.
rendering chunks...
computing gzip size...
dist/index.html                         1.33 kB │ gzip:  0.74 kB
dist/assets/index-jRmjmrhm.css         10.00 kB │ gzip:  2.72 kB
dist/assets/index-DYi3HT03.js          16.79 kB │ gzip:  6.03 kB
dist/assets/vendor-qTAHQGOk.js        111.27 kB │ gzip: 35.52 kB
dist/assets/vendor-react-CLTkNV5u.js  194.94 kB │ gzip: 61.56 kB
✓ built in 1.22s

> excel-mapping@0.0.0 build
> vite build

vite v7.3.6 building client environment for production...
transforming...
✓ 1738 modules transformed.
rendering chunks...
computing gzip size...
dist/index.html                            1.14 kB │ gzip:   0.57 kB
dist/assets/index-DNLeptdX.css             7.69 kB │ gzip:   2.27 kB
dist/assets/vendor-7OC5HNn7.js             3.61 kB │ gzip:   1.58 kB
dist/assets/index-BqEb4_zM.js             36.13 kB │ gzip:  13.38 kB
dist/assets/vendor-react-c_iCrVJ-.js     193.08 kB │ gzip:  60.87 kB
dist/assets/vendor-office-C6-BMI2Q.js  1,439.01 kB │ gzip: 433.68 kB
✓ built in 3.79s

> editor-studio@0.0.0 build
> vite build

vite v7.3.6 building client environment for production...
transforming...
✓ 2110 modules transformed.
Circular chunk: vendor -> vendor-react -> vendor. Please adjust the manual chunk logic for these chunks.
Circular chunk: vendor -> vendor-office -> vendor. Please adjust the manual chunk logic for these chunks.
rendering chunks...
computing gzip size...
dist/index.html                          1.24 kB │ gzip:   0.61 kB
dist/assets/index-DI7GTiV8.css           7.70 kB │ gzip:   2.27 kB
dist/assets/index-CG5tenI4.js           53.88 kB │ gzip:  16.43 kB
dist/assets/vendor-react--QDkzP9a.js   195.21 kB │ gzip:  61.45 kB
dist/assets/vendor-office-BPRi3KZJ.js  378.98 kB │ gzip: 110.11 kB
dist/assets/vendor-BlLVJG3j.js         485.98 kB │ gzip: 126.37 kB
✓ built in 2.37s

> auto-bi@1.0.0 build
> vite build

vite v7.3.6 building client environment for production...
transforming...
✓ 1729 modules transformed.
rendering chunks...
computing gzip size...
dist/index.html                          1.21 kB │ gzip:   0.59 kB
dist/assets/index-CZuCOOJx.css           7.23 kB │ gzip:   2.18 kB
dist/assets/vendor-7OC5HNn7.js           3.61 kB │ gzip:   1.58 kB
dist/assets/index-ASAGDijh.js           12.46 kB │ gzip:   4.39 kB
dist/assets/vendor-react-B09sdOAF.js   191.78 kB │ gzip:  60.39 kB
dist/assets/vendor-office-BZe_PqlR.js  491.83 kB │ gzip: 160.48 kB
✓ built in 1.82s

> accounting-reconcile@1.0.0 build
> vite build

vite v7.3.6 building client environment for production...
transforming...
✓ 1744 modules transformed.
Circular chunk: vendor -> vendor-react -> vendor. Please adjust the manual chunk logic for these chunks.
rendering chunks...
computing gzip size...
dist/index.html                            1.14 kB │ gzip:   0.58 kB
dist/assets/index-CZuCOOJx.css             7.23 kB │ gzip:   2.18 kB
dist/assets/vendor-CtDtPj0y.js             6.63 kB │ gzip:   2.92 kB
dist/assets/index-DB8YxvXh.js             38.23 kB │ gzip:  12.66 kB
dist/assets/vendor-react-DaCdG0JD.js     192.28 kB │ gzip:  60.48 kB
dist/assets/vendor-office-D5IL8LIn.js  1,439.01 kB │ gzip: 434.27 kB
✓ built in 3.69s
